// Jest Snapshot v1, https://goo.gl/fbAQLP

exports[`<CheckIfAlreadyOpen /> should render 1`] = `
<CheckIfAlreadyOpenPage
  errorChildren={
    <p>
      Error
    </p>
  }
/>
`;
